<html>
<body>
<pre>
<h1>µVision Build Log</h1>
<h2>Tool Versions:</h2>
IDE-Version: ¦ÌVision V5.31.0.0
Copyright (C) 2020 ARM Ltd and ARM Germany GmbH. All rights reserved.
License Information: 1 HMC, 1, LIC=8VRJ7-EVWBH-PCVJ8-3LSU3-1CVLQ-KDJ0W
 
Tool Versions:
Toolchain:       MDK-ARM Plus  Version: 5.31.0.0
Toolchain Path:  I:\Keil_v5\ARM\ARMCC\Bin
C Compiler:      Armcc.exe V5.06 update 6 (build 750)
Assembler:       Armasm.exe V5.06 update 6 (build 750)
Linker/Locator:  ArmLink.exe V5.06 update 6 (build 750)
Library Manager: ArmAr.exe V5.06 update 6 (build 750)
Hex Converter:   FromElf.exe V5.06 update 6 (build 750)
CPU DLL:         SARMCM3.DLL V5.31.0.0
Dialog DLL:      DCM.DLL V1.17.3.0
Target DLL:      STLink\ST-LINKIII-KEIL_SWO.dll V3.0.7.0
Dialog DLL:      TCM.DLL V1.46.0.0
 
<h2>Project:</h2>
C:\Users\HMC\Desktop\STM32\ips screen\MDK-ARM\ips screen.uvprojx
Project File Date:  08/09/2022

<h2>Output:</h2>
*** Using Compiler 'V5.06 update 6 (build 750)', folder: 'I:\Keil_v5\ARM\ARMCC\Bin'
Build target 'ips screen'
assembling startup_stm32f401xc.s...
compiling gpio.c...
compiling stm32f4xx_hal_flash.c...
compiling spi.c...
compiling stm32f4xx_hal_msp.c...
compiling dma.c...
compiling usart.c...
compiling stm32f4xx_hal_rcc_ex.c...
compiling stm32f4xx_it.c...
compiling stm32f4xx_hal_flash_ex.c...
compiling stm32f4xx_hal_rcc.c...
compiling main.c...
I:\Arm\Packs\LVGL\lvgl\1.0.7\src/others/ime/lv_ime_pinyin.h(144): warning:  #1-D: last line of file ends without a newline
  #endif /*LV_USE_IME_PINYIN*/
../Core/Src/main.c: 1 warning, 0 errors
compiling stm32f4xx_hal_flash_ramfunc.c...
compiling stm32f4xx_hal_spi.c...
compiling stm32f4xx_hal_gpio.c...
compiling stm32f4xx_hal_pwr_ex.c...
compiling stm32f4xx_hal_exti.c...
compiling stm32f4xx_hal_dma.c...
compiling stm32f4xx_hal.c...
compiling stm32f4xx_hal_pwr.c...
compiling stm32f4xx_hal_tim.c...
compiling stm32f4xx_hal_tim_ex.c...
compiling stm32f4xx_hal_cortex.c...
compiling stm32f4xx_hal_dma_ex.c...
compiling system_stm32f4xx.c...
compiling img_benchmark_cogwheel_alpha16.c...
I:\Arm\Packs\LVGL\lvgl\1.0.7\demos\benchmark\assets\../../../src/others/ime/lv_ime_pinyin.h(144): warning:  #1-D: last line of file ends without a newline
  #endif /*LV_USE_IME_PINYIN*/
I:\Arm\Packs\LVGL\lvgl\1.0.7\demos\benchmark\assets\img_benchmark_cogwheel_alpha16.c: 1 warning, 0 errors
compiling stm32f4xx_hal_uart.c...
compiling img_benchmark_cogwheel_argb.c...
I:\Arm\Packs\LVGL\lvgl\1.0.7\demos\benchmark\assets\../../../src/others/ime/lv_ime_pinyin.h(144): warning:  #1-D: last line of file ends without a newline
  #endif /*LV_USE_IME_PINYIN*/
I:\Arm\Packs\LVGL\lvgl\1.0.7\demos\benchmark\assets\img_benchmark_cogwheel_argb.c: 1 warning, 0 errors
compiling lv_font_bechmark_montserrat_12_compr_az.c.c...
I:\Arm\Packs\LVGL\lvgl\1.0.7\demos\benchmark\assets\../../../src/others/ime/lv_ime_pinyin.h(144): warning:  #1-D: last line of file ends without a newline
  #endif /*LV_USE_IME_PINYIN*/
I:\Arm\Packs\LVGL\lvgl\1.0.7\demos\benchmark\assets\lv_font_bechmark_montserrat_12_compr_az.c.c: 1 warning, 0 errors
compiling lv_font_bechmark_montserrat_16_compr_az.c.c...
I:\Arm\Packs\LVGL\lvgl\1.0.7\demos\benchmark\assets\../../../src/others/ime/lv_ime_pinyin.h(144): warning:  #1-D: last line of file ends without a newline
  #endif /*LV_USE_IME_PINYIN*/
I:\Arm\Packs\LVGL\lvgl\1.0.7\demos\benchmark\assets\lv_font_bechmark_montserrat_16_compr_az.c.c: 1 warning, 0 errors
compiling img_benchmark_cogwheel_chroma_keyed.c...
I:\Arm\Packs\LVGL\lvgl\1.0.7\demos\benchmark\assets\../../../src/others/ime/lv_ime_pinyin.h(144): warning:  #1-D: last line of file ends without a newline
  #endif /*LV_USE_IME_PINYIN*/
I:\Arm\Packs\LVGL\lvgl\1.0.7\demos\benchmark\assets\img_benchmark_cogwheel_chroma_keyed.c: 1 warning, 0 errors
compiling img_benchmark_cogwheel_indexed16.c...
I:\Arm\Packs\LVGL\lvgl\1.0.7\demos\benchmark\assets\../../../src/others/ime/lv_ime_pinyin.h(144): warning:  #1-D: last line of file ends without a newline
  #endif /*LV_USE_IME_PINYIN*/
I:\Arm\Packs\LVGL\lvgl\1.0.7\demos\benchmark\assets\img_benchmark_cogwheel_indexed16.c: 1 warning, 0 errors
compiling img_benchmark_cogwheel_rgb.c...
I:\Arm\Packs\LVGL\lvgl\1.0.7\demos\benchmark\assets\../../../src/others/ime/lv_ime_pinyin.h(144): warning:  #1-D: last line of file ends without a newline
  #endif /*LV_USE_IME_PINYIN*/
I:\Arm\Packs\LVGL\lvgl\1.0.7\demos\benchmark\assets\img_benchmark_cogwheel_rgb.c: 1 warning, 0 errors
compiling img_benchmark_cogwheel_rgb565a8.c...
I:\Arm\Packs\LVGL\lvgl\1.0.7\demos\benchmark\assets\../../../src/others/ime/lv_ime_pinyin.h(144): warning:  #1-D: last line of file ends without a newline
  #endif /*LV_USE_IME_PINYIN*/
I:\Arm\Packs\LVGL\lvgl\1.0.7\demos\benchmark\assets\img_benchmark_cogwheel_rgb565a8.c: 1 warning, 0 errors
compiling lv_font_bechmark_montserrat_28_compr_az.c.c...
I:\Arm\Packs\LVGL\lvgl\1.0.7\demos\benchmark\assets\../../../src/others/ime/lv_ime_pinyin.h(144): warning:  #1-D: last line of file ends without a newline
  #endif /*LV_USE_IME_PINYIN*/
I:\Arm\Packs\LVGL\lvgl\1.0.7\demos\benchmark\assets\lv_font_bechmark_montserrat_28_compr_az.c.c: 1 warning, 0 errors
compiling st7735.c...
..\Lib\st7735.c(247): warning:  #1-D: last line of file ends without a newline
   }
..\Lib\st7735.c: 1 warning, 0 errors
compiling lv_demo_benchmark.c...
I:\Arm\Packs\LVGL\lvgl\1.0.7\demos\benchmark\../../src/others/ime/lv_ime_pinyin.h(144): warning:  #1-D: last line of file ends without a newline
  #endif /*LV_USE_IME_PINYIN*/
I:\Arm\Packs\LVGL\lvgl\1.0.7\demos\benchmark\lv_demo_benchmark.c: 1 warning, 0 errors
compiling lv_disp.c...
compiling lv_event.c...
I:\Arm\Packs\LVGL\lvgl\1.0.7\src\core\lv_event.c(120): warning:  #188-D: enumerated type mixed with another type
      return e->code & ~LV_EVENT_PREPROCESS;
I:\Arm\Packs\LVGL\lvgl\1.0.7\src\core\lv_event.c: 1 warning, 0 errors
compiling lv_group.c...
compiling lv_obj_class.c...
compiling lv_indev_scroll.c...
compiling lv_obj_pos.c...
compiling lv_indev.c...
compiling lv_obj_draw.c...
I:\Arm\Packs\LVGL\lvgl\1.0.7\src\core\lv_obj_draw.c(392): warning:  #188-D: enumerated type mixed with another type
      if(obj->spec_attr) return obj->spec_attr->layer_type;
I:\Arm\Packs\LVGL\lvgl\1.0.7\src\core\lv_obj_draw.c: 1 warning, 0 errors
compiling lv_obj_style_gen.c...
compiling lv_obj_style.c...
compiling lv_gpu_arm2d.c...
compiling lv_obj_tree.c...
compiling lv_obj.c...
I:\Arm\Packs\LVGL\lvgl\1.0.7\src\core\../libs/ffmpeg/../../../src/others/ime/lv_ime_pinyin.h(144): warning:  #1-D: last line of file ends without a newline
  #endif /*LV_USE_IME_PINYIN*/
I:\Arm\Packs\LVGL\lvgl\1.0.7\src\core\lv_obj.c: 1 warning, 0 errors
compiling lv_theme.c...
I:\Arm\Packs\LVGL\lvgl\1.0.7\src\core\../../src/others/ime/lv_ime_pinyin.h(144): warning:  #1-D: last line of file ends without a newline
  #endif /*LV_USE_IME_PINYIN*/
I:\Arm\Packs\LVGL\lvgl\1.0.7\src\core\lv_theme.c: 1 warning, 0 errors
compiling lv_obj_scroll.c...
compiling lv_draw.c...
compiling lv_refr.c...
compiling lv_draw_layer.c...
compiling lv_draw_arc.c...
compiling lv_draw_line.c...
compiling lv_draw_img.c...
compiling lv_draw_label.c...
compiling lv_draw_triangle.c...
compiling lv_draw_transform.c...
compiling lv_draw_rect.c...
compiling lv_img_buf.c...
compiling lv_img_cache.c...
compiling lv_gpu_nxp.c...
compiling lv_gpu_nxp_pxp.c...
compiling lv_draw_mask.c...
compiling lv_draw_pxp_blend.c...
compiling lv_draw_vglite_blend.c...
compiling lv_draw_vglite_arc.c...
compiling lv_gpu_nxp_pxp_osa.c...
compiling lv_img_decoder.c...
compiling lv_draw_sdl.c...
compiling lv_gpu_nxp_vglite.c...
compiling lv_draw_vglite_rect.c...
compiling lv_draw_sdl_arc.c...
compiling lv_draw_sdl_composite.c...
compiling lv_draw_sdl_bg.c...
compiling lv_draw_sdl_line.c...
compiling lv_draw_sdl_img.c...
compiling lv_draw_sdl_label.c...
compiling lv_draw_sdl_polygon.c...
compiling lv_draw_sdl_layer.c...
compiling lv_draw_sdl_mask.c...
compiling lv_draw_sdl_rect.c...
compiling lv_draw_sdl_utils.c...
compiling lv_draw_sdl_stack_blur.c...
compiling lv_draw_sdl_texture_cache.c...
compiling lv_draw_sw.c...
compiling lv_draw_sw_dither.c...
compiling lv_gpu_stm32_dma2d.c...
compiling lv_draw_sw_layer.c...
compiling lv_draw_sw_letter.c...
compiling lv_draw_sw_gradient.c...
compiling lv_draw_sw_img.c...
compiling lv_draw_sw_arc.c...
compiling lv_draw_sw_blend.c...
compiling lv_draw_sw_polygon.c...
compiling lv_draw_sw_line.c...
compiling lv_draw_sw_transform.c...
compiling lv_gpu_swm341_dma2d.c...
compiling lv_font.c...
compiling lv_font_fmt_txt.c...
compiling lv_font_montserrat_10.c...
I:\Arm\Packs\LVGL\lvgl\1.0.7\src/others/ime/lv_ime_pinyin.h(144): warning:  #1-D: last line of file ends without a newline
  #endif /*LV_USE_IME_PINYIN*/
I:\Arm\Packs\LVGL\lvgl\1.0.7\src\font\lv_font_montserrat_10.c: 1 warning, 0 errors
compiling lv_font_montserrat_14.c...
I:\Arm\Packs\LVGL\lvgl\1.0.7\src/others/ime/lv_ime_pinyin.h(144): warning:  #1-D: last line of file ends without a newline
  #endif /*LV_USE_IME_PINYIN*/
I:\Arm\Packs\LVGL\lvgl\1.0.7\src\font\lv_font_montserrat_14.c: 1 warning, 0 errors
compiling lv_font_dejavu_16_persian_hebrew.c...
I:\Arm\Packs\LVGL\lvgl\1.0.7\src/others/ime/lv_ime_pinyin.h(144): warning:  #1-D: last line of file ends without a newline
  #endif /*LV_USE_IME_PINYIN*/
I:\Arm\Packs\LVGL\lvgl\1.0.7\src\font\lv_font_dejavu_16_persian_hebrew.c: 1 warning, 0 errors
compiling lv_draw_sw_rect.c...
I:\Arm\Packs\LVGL\lvgl\1.0.7\src\draw\sw\lv_draw_sw_rect.c(242): warning:  #546-D: transfer of control bypasses initialization of:
            variable "mask_any_center"  (declared at line 289)
          goto bg_clean_up;
          ^
I:\Arm\Packs\LVGL\lvgl\1.0.7\src\draw\sw\lv_draw_sw_rect.c: 1 warning, 0 errors
compiling lv_font_montserrat_12.c...
I:\Arm\Packs\LVGL\lvgl\1.0.7\src/others/ime/lv_ime_pinyin.h(144): warning:  #1-D: last line of file ends without a newline
  #endif /*LV_USE_IME_PINYIN*/
I:\Arm\Packs\LVGL\lvgl\1.0.7\src\font\lv_font_montserrat_12.c: 1 warning, 0 errors
compiling lv_font_montserrat_12_subpx.c...
I:\Arm\Packs\LVGL\lvgl\1.0.7\src/others/ime/lv_ime_pinyin.h(144): warning:  #1-D: last line of file ends without a newline
  #endif /*LV_USE_IME_PINYIN*/
I:\Arm\Packs\LVGL\lvgl\1.0.7\src\font\lv_font_montserrat_12_subpx.c: 1 warning, 0 errors
compiling lv_font_loader.c...
I:\Arm\Packs\LVGL\lvgl\1.0.7\src\font\../../src/others/ime/lv_ime_pinyin.h(144): warning:  #1-D: last line of file ends without a newline
  #endif /*LV_USE_IME_PINYIN*/
I:\Arm\Packs\LVGL\lvgl\1.0.7\src\font\lv_font_loader.c: 1 warning, 0 errors
compiling lv_font_montserrat_16.c...
I:\Arm\Packs\LVGL\lvgl\1.0.7\src/others/ime/lv_ime_pinyin.h(144): warning:  #1-D: last line of file ends without a newline
  #endif /*LV_USE_IME_PINYIN*/
I:\Arm\Packs\LVGL\lvgl\1.0.7\src\font\lv_font_montserrat_16.c: 1 warning, 0 errors
compiling lv_font_montserrat_18.c...
I:\Arm\Packs\LVGL\lvgl\1.0.7\src/others/ime/lv_ime_pinyin.h(144): warning:  #1-D: last line of file ends without a newline
  #endif /*LV_USE_IME_PINYIN*/
I:\Arm\Packs\LVGL\lvgl\1.0.7\src\font\lv_font_montserrat_18.c: 1 warning, 0 errors
compiling lv_font_montserrat_20.c...
I:\Arm\Packs\LVGL\lvgl\1.0.7\src/others/ime/lv_ime_pinyin.h(144): warning:  #1-D: last line of file ends without a newline
  #endif /*LV_USE_IME_PINYIN*/
I:\Arm\Packs\LVGL\lvgl\1.0.7\src\font\lv_font_montserrat_20.c: 1 warning, 0 errors
compiling lv_font_montserrat_22.c...
I:\Arm\Packs\LVGL\lvgl\1.0.7\src/others/ime/lv_ime_pinyin.h(144): warning:  #1-D: last line of file ends without a newline
  #endif /*LV_USE_IME_PINYIN*/
I:\Arm\Packs\LVGL\lvgl\1.0.7\src\font\lv_font_montserrat_22.c: 1 warning, 0 errors
compiling lv_font_montserrat_28_compressed.c...
I:\Arm\Packs\LVGL\lvgl\1.0.7\src/others/ime/lv_ime_pinyin.h(144): warning:  #1-D: last line of file ends without a newline
  #endif /*LV_USE_IME_PINYIN*/
I:\Arm\Packs\LVGL\lvgl\1.0.7\src\font\lv_font_montserrat_28_compressed.c: 1 warning, 0 errors
compiling lv_font_montserrat_28.c...
I:\Arm\Packs\LVGL\lvgl\1.0.7\src/others/ime/lv_ime_pinyin.h(144): warning:  #1-D: last line of file ends without a newline
  #endif /*LV_USE_IME_PINYIN*/
I:\Arm\Packs\LVGL\lvgl\1.0.7\src\font\lv_font_montserrat_28.c: 1 warning, 0 errors
compiling lv_font_montserrat_26.c...
I:\Arm\Packs\LVGL\lvgl\1.0.7\src/others/ime/lv_ime_pinyin.h(144): warning:  #1-D: last line of file ends without a newline
  #endif /*LV_USE_IME_PINYIN*/
I:\Arm\Packs\LVGL\lvgl\1.0.7\src\font\lv_font_montserrat_26.c: 1 warning, 0 errors
compiling lv_font_montserrat_30.c...
I:\Arm\Packs\LVGL\lvgl\1.0.7\src/others/ime/lv_ime_pinyin.h(144): warning:  #1-D: last line of file ends without a newline
  #endif /*LV_USE_IME_PINYIN*/
I:\Arm\Packs\LVGL\lvgl\1.0.7\src\font\lv_font_montserrat_30.c: 1 warning, 0 errors
compiling lv_font_montserrat_24.c...
I:\Arm\Packs\LVGL\lvgl\1.0.7\src/others/ime/lv_ime_pinyin.h(144): warning:  #1-D: last line of file ends without a newline
  #endif /*LV_USE_IME_PINYIN*/
I:\Arm\Packs\LVGL\lvgl\1.0.7\src\font\lv_font_montserrat_24.c: 1 warning, 0 errors
compiling lv_font_montserrat_32.c...
I:\Arm\Packs\LVGL\lvgl\1.0.7\src/others/ime/lv_ime_pinyin.h(144): warning:  #1-D: last line of file ends without a newline
  #endif /*LV_USE_IME_PINYIN*/
I:\Arm\Packs\LVGL\lvgl\1.0.7\src\font\lv_font_montserrat_32.c: 1 warning, 0 errors
compiling lv_font_montserrat_34.c...
I:\Arm\Packs\LVGL\lvgl\1.0.7\src/others/ime/lv_ime_pinyin.h(144): warning:  #1-D: last line of file ends without a newline
  #endif /*LV_USE_IME_PINYIN*/
I:\Arm\Packs\LVGL\lvgl\1.0.7\src\font\lv_font_montserrat_34.c: 1 warning, 0 errors
compiling lv_font_montserrat_36.c...
I:\Arm\Packs\LVGL\lvgl\1.0.7\src/others/ime/lv_ime_pinyin.h(144): warning:  #1-D: last line of file ends without a newline
  #endif /*LV_USE_IME_PINYIN*/
I:\Arm\Packs\LVGL\lvgl\1.0.7\src\font\lv_font_montserrat_36.c: 1 warning, 0 errors
compiling lv_font_montserrat_38.c...
I:\Arm\Packs\LVGL\lvgl\1.0.7\src/others/ime/lv_ime_pinyin.h(144): warning:  #1-D: last line of file ends without a newline
  #endif /*LV_USE_IME_PINYIN*/
I:\Arm\Packs\LVGL\lvgl\1.0.7\src\font\lv_font_montserrat_38.c: 1 warning, 0 errors
compiling lv_font_montserrat_42.c...
I:\Arm\Packs\LVGL\lvgl\1.0.7\src/others/ime/lv_ime_pinyin.h(144): warning:  #1-D: last line of file ends without a newline
  #endif /*LV_USE_IME_PINYIN*/
I:\Arm\Packs\LVGL\lvgl\1.0.7\src\font\lv_font_montserrat_42.c: 1 warning, 0 errors
compiling lv_font_montserrat_40.c...
I:\Arm\Packs\LVGL\lvgl\1.0.7\src/others/ime/lv_ime_pinyin.h(144): warning:  #1-D: last line of file ends without a newline
  #endif /*LV_USE_IME_PINYIN*/
I:\Arm\Packs\LVGL\lvgl\1.0.7\src\font\lv_font_montserrat_40.c: 1 warning, 0 errors
compiling lv_font_montserrat_44.c...
I:\Arm\Packs\LVGL\lvgl\1.0.7\src/others/ime/lv_ime_pinyin.h(144): warning:  #1-D: last line of file ends without a newline
  #endif /*LV_USE_IME_PINYIN*/
I:\Arm\Packs\LVGL\lvgl\1.0.7\src\font\lv_font_montserrat_44.c: 1 warning, 0 errors
compiling lv_font_montserrat_8.c...
I:\Arm\Packs\LVGL\lvgl\1.0.7\src/others/ime/lv_ime_pinyin.h(144): warning:  #1-D: last line of file ends without a newline
  #endif /*LV_USE_IME_PINYIN*/
I:\Arm\Packs\LVGL\lvgl\1.0.7\src\font\lv_font_montserrat_8.c: 1 warning, 0 errors
compiling lv_hal_tick.c...
compiling lv_font_montserrat_46.c...
I:\Arm\Packs\LVGL\lvgl\1.0.7\src/others/ime/lv_ime_pinyin.h(144): warning:  #1-D: last line of file ends without a newline
  #endif /*LV_USE_IME_PINYIN*/
I:\Arm\Packs\LVGL\lvgl\1.0.7\src\font\lv_font_montserrat_46.c: 1 warning, 0 errors
compiling lv_font_unscii_16.c...
I:\Arm\Packs\LVGL\lvgl\1.0.7\src/others/ime/lv_ime_pinyin.h(144): warning:  #1-D: last line of file ends without a newline
  #endif /*LV_USE_IME_PINYIN*/
I:\Arm\Packs\LVGL\lvgl\1.0.7\src\font\lv_font_unscii_16.c: 1 warning, 0 errors
compiling lv_hal_disp.c...
I:\Arm\Packs\LVGL\lvgl\1.0.7\src\hal\lv_hal_disp.c(560): warning:  #188-D: enumerated type mixed with another type
      return disp->driver->rotated;
I:\Arm\Packs\LVGL\lvgl\1.0.7\src\hal\lv_hal_disp.c: 1 warning, 0 errors
compiling lv_font_unscii_8.c...
I:\Arm\Packs\LVGL\lvgl\1.0.7\src/others/ime/lv_ime_pinyin.h(144): warning:  #1-D: last line of file ends without a newline
  #endif /*LV_USE_IME_PINYIN*/
I:\Arm\Packs\LVGL\lvgl\1.0.7\src\font\lv_font_unscii_8.c: 1 warning, 0 errors
compiling lv_hal_indev.c...
compiling lv_font_simsun_16_cjk.c...
I:\Arm\Packs\LVGL\lvgl\1.0.7\src/others/ime/lv_ime_pinyin.h(144): warning:  #1-D: last line of file ends without a newline
  #endif /*LV_USE_IME_PINYIN*/
I:\Arm\Packs\LVGL\lvgl\1.0.7\src\font\lv_font_simsun_16_cjk.c: 1 warning, 0 errors
compiling lv_font_montserrat_48.c...
I:\Arm\Packs\LVGL\lvgl\1.0.7\src/others/ime/lv_ime_pinyin.h(144): warning:  #1-D: last line of file ends without a newline
  #endif /*LV_USE_IME_PINYIN*/
I:\Arm\Packs\LVGL\lvgl\1.0.7\src\font\lv_font_montserrat_48.c: 1 warning, 0 errors
compiling lv_bmp.c...
I:\Arm\Packs\LVGL\lvgl\1.0.7\src\libs\bmp\../../../src/others/ime/lv_ime_pinyin.h(144): warning:  #1-D: last line of file ends without a newline
  #endif /*LV_USE_IME_PINYIN*/
I:\Arm\Packs\LVGL\lvgl\1.0.7\src\libs\bmp\lv_bmp.c: 1 warning, 0 errors
compiling lv_flex.c...
compiling lv_grid.c...
I:\Arm\Packs\LVGL\lvgl\1.0.7\src\layouts\grid\lv_grid.c(595): warning:  #188-D: enumerated type mixed with another type
      lv_grid_align_t col_align = get_cell_col_align(item);
I:\Arm\Packs\LVGL\lvgl\1.0.7\src\layouts\grid\lv_grid.c(596): warning:  #188-D: enumerated type mixed with another type
      lv_grid_align_t row_align = get_cell_row_align(item);
I:\Arm\Packs\LVGL\lvgl\1.0.7\src\layouts\grid\lv_grid.c: 2 warnings, 0 errors
compiling lv_ffmpeg.c...
I:\Arm\Packs\LVGL\lvgl\1.0.7\src\libs\ffmpeg\../../../src/others/ime/lv_ime_pinyin.h(144): warning:  #1-D: last line of file ends without a newline
  #endif /*LV_USE_IME_PINYIN*/
I:\Arm\Packs\LVGL\lvgl\1.0.7\src\libs\ffmpeg\lv_ffmpeg.c: 1 warning, 0 errors
compiling lv_freetype.c...
I:\Arm\Packs\LVGL\lvgl\1.0.7\src\libs\freetype\../../../src/others/ime/lv_ime_pinyin.h(144): warning:  #1-D: last line of file ends without a newline
  #endif /*LV_USE_IME_PINYIN*/
I:\Arm\Packs\LVGL\lvgl\1.0.7\src\libs\freetype\lv_freetype.c: 1 warning, 0 errors
compiling gifdec.c...
compiling lv_fs_posix.c...
I:\Arm\Packs\LVGL\lvgl\1.0.7\src\libs\fsdrv\../../../src/others/ime/lv_ime_pinyin.h(144): warning:  #1-D: last line of file ends without a newline
  #endif /*LV_USE_IME_PINYIN*/
I:\Arm\Packs\LVGL\lvgl\1.0.7\src\libs\fsdrv\lv_fs_posix.c: 1 warning, 0 errors
compiling lv_fs_fatfs.c...
I:\Arm\Packs\LVGL\lvgl\1.0.7\src\libs\fsdrv\../../../src/others/ime/lv_ime_pinyin.h(144): warning:  #1-D: last line of file ends without a newline
  #endif /*LV_USE_IME_PINYIN*/
I:\Arm\Packs\LVGL\lvgl\1.0.7\src\libs\fsdrv\lv_fs_fatfs.c: 1 warning, 0 errors
compiling lv_fs_stdio.c...
I:\Arm\Packs\LVGL\lvgl\1.0.7\src\libs\fsdrv\../../../src/others/ime/lv_ime_pinyin.h(144): warning:  #1-D: last line of file ends without a newline
  #endif /*LV_USE_IME_PINYIN*/
I:\Arm\Packs\LVGL\lvgl\1.0.7\src\libs\fsdrv\lv_fs_stdio.c: 1 warning, 0 errors
compiling lv_fs_win32.c...
I:\Arm\Packs\LVGL\lvgl\1.0.7\src\libs\fsdrv\../../../src/others/ime/lv_ime_pinyin.h(144): warning:  #1-D: last line of file ends without a newline
  #endif /*LV_USE_IME_PINYIN*/
I:\Arm\Packs\LVGL\lvgl\1.0.7\src\libs\fsdrv\lv_fs_win32.c: 1 warning, 0 errors
compiling lodepng.c...
I:\Arm\Packs\LVGL\lvgl\1.0.7\src\libs\png\../../../src/others/ime/lv_ime_pinyin.h(144): warning:  #1-D: last line of file ends without a newline
  #endif /*LV_USE_IME_PINYIN*/
I:\Arm\Packs\LVGL\lvgl\1.0.7\src\libs\png\lodepng.c: 1 warning, 0 errors
compiling lv_gif.c...
I:\Arm\Packs\LVGL\lvgl\1.0.7\src\libs\gif\../../../src/others/ime/lv_ime_pinyin.h(144): warning:  #1-D: last line of file ends without a newline
  #endif /*LV_USE_IME_PINYIN*/
I:\Arm\Packs\LVGL\lvgl\1.0.7\src\libs\gif\lv_gif.c: 1 warning, 0 errors
compiling lv_png.c...
I:\Arm\Packs\LVGL\lvgl\1.0.7\src\libs\png\../../../src/others/ime/lv_ime_pinyin.h(144): warning:  #1-D: last line of file ends without a newline
  #endif /*LV_USE_IME_PINYIN*/
I:\Arm\Packs\LVGL\lvgl\1.0.7\src\libs\png\lv_png.c: 1 warning, 0 errors
compiling tjpgd.c...
compiling lv_anim_timeline.c...
compiling lv_rlottie.c...
I:\Arm\Packs\LVGL\lvgl\1.0.7\src\libs\rlottie\../../../src/others/ime/lv_ime_pinyin.h(144): warning:  #1-D: last line of file ends without a newline
  #endif /*LV_USE_IME_PINYIN*/
I:\Arm\Packs\LVGL\lvgl\1.0.7\src\libs\rlottie\lv_rlottie.c: 1 warning, 0 errors
compiling lv_qrcode.c...
I:\Arm\Packs\LVGL\lvgl\1.0.7\src\libs\qrcode\../../../src/others/ime/lv_ime_pinyin.h(144): warning:  #1-D: last line of file ends without a newline
  #endif /*LV_USE_IME_PINYIN*/
I:\Arm\Packs\LVGL\lvgl\1.0.7\src\libs\qrcode\lv_qrcode.c: 1 warning, 0 errors
compiling lv_area.c...
compiling lv_anim.c...
compiling qrcodegen.c...
I:\Arm\Packs\LVGL\lvgl\1.0.7\src\libs\qrcode\qrcodegen.c(285): warning:  #188-D: enumerated type mixed with another type
      applyMask(tempBuffer, qrcode, mask);
I:\Arm\Packs\LVGL\lvgl\1.0.7\src\libs\qrcode\qrcodegen.c(286): warning:  #188-D: enumerated type mixed with another type
      drawFormatBits(ecl, mask, qrcode);
I:\Arm\Packs\LVGL\lvgl\1.0.7\src\libs\qrcode\qrcodegen.c: 2 warnings, 0 errors
compiling lv_sjpg.c...
I:\Arm\Packs\LVGL\lvgl\1.0.7\src\libs\sjpg\../../../src/others/ime/lv_ime_pinyin.h(144): warning:  #1-D: last line of file ends without a newline
  #endif /*LV_USE_IME_PINYIN*/
I:\Arm\Packs\LVGL\lvgl\1.0.7\src\libs\sjpg\lv_sjpg.c: 1 warning, 0 errors
compiling lv_bidi.c...
compiling lv_gc.c...
compiling lv_async.c...
compiling lv_log.c...
compiling lv_color.c...
compiling lv_lru.c...
compiling lv_ll.c...
compiling lv_fs.c...
compiling lv_math.c...
compiling lv_malloc_builtin.c...
compiling lv_mem.c...
compiling lv_memcpy_builtin.c...
compiling lv_printf.c...
compiling lv_txt_ap.c...
compiling lv_utils.c...
compiling lv_style_gen.c...
compiling lv_tlsf.c...
compiling lv_txt.c...
compiling lv_timer.c...
compiling lv_fragment.c...
compiling lv_gridnav.c...
compiling lv_fragment_manager.c...
compiling lv_style.c...
compiling lv_msg.c...
compiling lv_snapshot.c...
compiling lv_ime_pinyin.c...
I:\Arm\Packs\LVGL\lvgl\1.0.7\src\others\ime\../../../src/others/ime/lv_ime_pinyin.h(144): warning:  #1-D: last line of file ends without a newline
  #endif /*LV_USE_IME_PINYIN*/
I:\Arm\Packs\LVGL\lvgl\1.0.7\src\others\ime\lv_ime_pinyin.h(144): warning:  #1-D: last line of file ends without a newline
  #endif /*LV_USE_IME_PINYIN*/
I:\Arm\Packs\LVGL\lvgl\1.0.7\src\others\ime\lv_ime_pinyin.c(1200): warning:  #1-D: last line of file ends without a newline
  #endif  /*LV_USE_IME_PINYIN*/
I:\Arm\Packs\LVGL\lvgl\1.0.7\src\others\ime\lv_ime_pinyin.c: 3 warnings, 0 errors
compiling lv_theme_basic.c...
I:\Arm\Packs\LVGL\lvgl\1.0.7\src\themes\basic\../../../src/others/ime/lv_ime_pinyin.h(144): warning:  #1-D: last line of file ends without a newline
  #endif /*LV_USE_IME_PINYIN*/
I:\Arm\Packs\LVGL\lvgl\1.0.7\src\themes\basic\lv_theme_basic.c: 1 warning, 0 errors
compiling lv_btn.c...
compiling lv_animimg.c...
compiling lv_imgfont.c...
I:\Arm\Packs\LVGL\lvgl\1.0.7\src\others\imgfont\../../../src/others/ime/lv_ime_pinyin.h(144): warning:  #1-D: last line of file ends without a newline
  #endif /*LV_USE_IME_PINYIN*/
I:\Arm\Packs\LVGL\lvgl\1.0.7\src\others\imgfont\lv_imgfont.c: 1 warning, 0 errors
compiling lv_monkey.c...
I:\Arm\Packs\LVGL\lvgl\1.0.7\src\others\monkey\../../../src/others/ime/lv_ime_pinyin.h(144): warning:  #1-D: last line of file ends without a newline
  #endif /*LV_USE_IME_PINYIN*/
I:\Arm\Packs\LVGL\lvgl\1.0.7\src\others\monkey\lv_monkey.c: 1 warning, 0 errors
compiling lv_theme_mono.c...
I:\Arm\Packs\LVGL\lvgl\1.0.7\src\themes\mono\../../../src/others/ime/lv_ime_pinyin.h(144): warning:  #1-D: last line of file ends without a newline
  #endif /*LV_USE_IME_PINYIN*/
I:\Arm\Packs\LVGL\lvgl\1.0.7\src\themes\mono\lv_theme_mono.c: 1 warning, 0 errors
compiling lv_arc.c...
compiling lv_bar.c...
compiling lv_calendar_header_arrow.c...
compiling lv_calendar_header_dropdown.c...
compiling lv_calendar.c...
I:\Arm\Packs\LVGL\lvgl\1.0.7\src\widgets\calendar\../../../src/others/ime/lv_ime_pinyin.h(144): warning:  #1-D: last line of file ends without a newline
  #endif /*LV_USE_IME_PINYIN*/
I:\Arm\Packs\LVGL\lvgl\1.0.7\src\widgets\calendar\lv_calendar.c: 1 warning, 0 errors
compiling lv_checkbox.c...
compiling lv_btnmatrix.c...
compiling lv_theme_default.c...
I:\Arm\Packs\LVGL\lvgl\1.0.7\src\themes\default\../../../src/others/ime/lv_ime_pinyin.h(144): warning:  #1-D: last line of file ends without a newline
  #endif /*LV_USE_IME_PINYIN*/
I:\Arm\Packs\LVGL\lvgl\1.0.7\src\themes\default\lv_theme_default.c: 1 warning, 0 errors
compiling lv_canvas.c...
compiling lv_img.c...
compiling lv_imgbtn.c...
compiling lv_dropdown.c...
compiling lv_colorwheel.c...
I:\Arm\Packs\LVGL\lvgl\1.0.7\src\widgets\colorwheel\../../../src/others/ime/lv_ime_pinyin.h(144): warning:  #1-D: last line of file ends without a newline
  #endif /*LV_USE_IME_PINYIN*/
I:\Arm\Packs\LVGL\lvgl\1.0.7\src\widgets\colorwheel\lv_colorwheel.c: 1 warning, 0 errors
compiling lv_keyboard.c...
compiling lv_chart.c...
I:\Arm\Packs\LVGL\lvgl\1.0.7\src\widgets\chart\../../../src/others/ime/lv_ime_pinyin.h(144): warning:  #1-D: last line of file ends without a newline
  #endif /*LV_USE_IME_PINYIN*/
I:\Arm\Packs\LVGL\lvgl\1.0.7\src\widgets\chart\lv_chart.c: 1 warning, 0 errors
compiling lv_menu.c...
compiling lv_led.c...
compiling lv_line.c...
compiling lv_list.c...
compiling lv_objx_templ.c...
compiling lv_msgbox.c...
compiling lv_label.c...
compiling lv_meter.c...
I:\Arm\Packs\LVGL\lvgl\1.0.7\src\widgets\meter\../../../src/others/ime/lv_ime_pinyin.h(144): warning:  #1-D: last line of file ends without a newline
  #endif /*LV_USE_IME_PINYIN*/
I:\Arm\Packs\LVGL\lvgl\1.0.7\src\widgets\meter\lv_meter.c: 1 warning, 0 errors
compiling lv_roller.c...
compiling lv_slider.c...
compiling lv_spinbox.c...
compiling lv_spinner.c...
I:\Arm\Packs\LVGL\lvgl\1.0.7\src\widgets\spinner\../../../src/others/ime/lv_ime_pinyin.h(144): warning:  #1-D: last line of file ends without a newline
  #endif /*LV_USE_IME_PINYIN*/
I:\Arm\Packs\LVGL\lvgl\1.0.7\src\widgets\spinner\lv_spinner.c: 1 warning, 0 errors
compiling lv_switch.c...
compiling lv_tileview.c...
compiling lv_cmsis_pack.c...
compiling lv_span.c...
I:\Arm\Packs\LVGL\lvgl\1.0.7\src\widgets\span\../../../src/others/ime/lv_ime_pinyin.h(144): warning:  #1-D: last line of file ends without a newline
  #endif /*LV_USE_IME_PINYIN*/
I:\Arm\Packs\LVGL\lvgl\1.0.7\src\widgets\span\lv_span.c(901): warning:  #546-D: transfer of control bypasses initialization of:
            variable "align"  (declared at line 905)
              goto Next_line_init;
              ^
I:\Arm\Packs\LVGL\lvgl\1.0.7\src\widgets\span\lv_span.c: 2 warnings, 0 errors
compiling lv_tabview.c...
I:\Arm\Packs\LVGL\lvgl\1.0.7\src\widgets\tabview\../../../src/others/ime/lv_ime_pinyin.h(144): warning:  #1-D: last line of file ends without a newline
  #endif /*LV_USE_IME_PINYIN*/
I:\Arm\Packs\LVGL\lvgl\1.0.7\src\widgets\tabview\lv_tabview.c: 1 warning, 0 errors
compiling lv_win.c...
I:\Arm\Packs\LVGL\lvgl\1.0.7\src\widgets\win\../../../src/others/ime/lv_ime_pinyin.h(144): warning:  #1-D: last line of file ends without a newline
  #endif /*LV_USE_IME_PINYIN*/
I:\Arm\Packs\LVGL\lvgl\1.0.7\src\widgets\win\lv_win.c: 1 warning, 0 errors
compiling lv_port_fs_template.c...
compiling lv_port_indev_template.c...
compiling lv_textarea.c...
compiling lv_table.c...
compiling lv_port_disp_template.c...
I:\Arm\Packs\LVGL\lvgl\1.0.7\src/others/ime/lv_ime_pinyin.h(144): warning:  #1-D: last line of file ends without a newline
  #endif /*LV_USE_IME_PINYIN*/
RTE\LVGL\lv_port_disp_template.c: 1 warning, 0 errors
linking...
Program Size: Code=151444 RO-data=105040 RW-data=2504 ZI-data=22808  
FromELF: creating hex file...
"ips screen\ips screen.axf" - 0 Error(s), 81 Warning(s).

<h2>Software Packages used:</h2>

Package Vendor: ARM
                http://www.keil.com/pack/ARM.CMSIS.5.8.0.pack
                ARM.CMSIS.5.8.0
                CMSIS (Common Microcontroller Software Interface Standard)
   * Component: CORE Version: 5.5.0

Package Vendor: LVGL
                https://raw.githubusercontent.com/lvgl/lvgl/master/env_support/cmsis-pack/LVGL.lvgl.1.0.7.pack
                LVGL.lvgl.1.0.7
                LVGL (Light and Versatile Graphics Library) is a free and open-source graphics library providing everything you need to create an embedded GUI with easy-to-use graphical elements, beautiful visual effects and a low memory footprint.
   * Component: Benchmark Version: 9.0.0-dev
   * Component: Essential Version: 9.0.0-dev
   * Component: Extra Themes Version: 9.0.0-dev
   * Component: Porting Version: 9.0.0-dev

Package Vendor: Keil
                http://www.keil.com/pack/Keil.STM32F4xx_DFP.2.15.0.pack
                Keil.STM32F4xx_DFP.2.15.0
                STMicroelectronics STM32F4 Series Device Support, Drivers and Examples

<h2>Collection of Component include folders:</h2>
  .\RTE\LVGL
  .\RTE\_ips_screen
  I:\Arm\Packs\ARM\CMSIS\5.8.0\CMSIS\Core\Include
  I:\Arm\Packs\Keil\STM32F4xx_DFP\2.15.0\Drivers\CMSIS\Device\ST\STM32F4xx\Include
  I:\Arm\Packs\LVGL\lvgl\1.0.7
  I:\Arm\Packs\LVGL\lvgl\1.0.7\demos\benchmark

<h2>Collection of Component Files used:</h2>

   * Component: ARM::CMSIS:CORE:5.5.0

   * Component: LVGL.LVGL::LVGL:lvgl:Benchmark:9.0.0-dev
      Source file:   demos\benchmark\lv_demo_benchmark.c
      Source file:   demos\benchmark\assets\img_benchmark_cogwheel_argb.c
      Source file:   demos\benchmark\assets\img_benchmark_cogwheel_rgb.c
      Source file:   demos\benchmark\assets\img_benchmark_cogwheel_rgb565a8.c
      Include file:  demos\benchmark\lv_demo_benchmark.h
      Source file:   demos\benchmark\assets\img_benchmark_cogwheel_alpha16.c
      Source file:   demos\benchmark\assets\img_benchmark_cogwheel_chroma_keyed.c
      Source file:   demos\benchmark\assets\img_benchmark_cogwheel_indexed16.c
      Source file:   demos\benchmark\assets\lv_font_bechmark_montserrat_28_compr_az.c.c
      Source file:   demos\benchmark\assets\lv_font_bechmark_montserrat_12_compr_az.c.c
      Source file:   demos\benchmark\assets\lv_font_bechmark_montserrat_16_compr_az.c.c

   * Component: LVGL.LVGL::LVGL:lvgl:Essential:9.0.0-dev
      Source file:   src\core\lv_obj_style.c
      Source file:   src\core\lv_refr.c
      Source file:   src\core\lv_obj_tree.c
      Source file:   src\core\lv_obj_scroll.c
      Source file:   src\draw\lv_draw_label.c
      Source file:   src\draw\lv_img_decoder.c
      Source file:   src\core\lv_disp.c
      Source file:   src\draw\lv_draw_rect.c
      Source file:   src\core\lv_indev_scroll.c
      Source file:   src\core\lv_obj_pos.c
      Source file:   src\core\lv_obj_style_gen.c
      Source file:   src\core\lv_obj.c
      Source file:   src\core\lv_obj_class.c
      Source file:   src\core\lv_indev.c
      Source file:   src\core\lv_event.c
      Source file:   src\core\lv_theme.c
      Source file:   src\core\lv_obj_draw.c
      Source file:   src\core\lv_group.c
      Source file:   src\draw\sdl\lv_draw_sdl_stack_blur.c
      Source file:   src\draw\sw\lv_draw_sw.c
      Source file:   src\draw\sw\lv_draw_sw_gradient.c
      Source file:   src\draw\sw\lv_draw_sw_layer.c
      Source file:   src\draw\sw\lv_draw_sw_dither.c
      Source file:   src\draw\sw\lv_draw_sw_rect.c
      Source file:   src\draw\lv_draw_img.c
      Source file:   src\draw\sdl\lv_draw_sdl_utils.c
      Source file:   src\draw\sdl\lv_draw_sdl_label.c
      Source file:   src\draw\sdl\lv_draw_sdl_composite.c
      Source file:   src\draw\sdl\lv_draw_sdl_bg.c
      Source file:   src\draw\sdl\lv_draw_sdl_texture_cache.c
      Source file:   src\draw\lv_img_buf.c
      Source file:   src\draw\sdl\lv_draw_sdl.c
      Source file:   src\draw\sdl\lv_draw_sdl_polygon.c
      Source file:   src\draw\stm32_dma2d\lv_gpu_stm32_dma2d.c
      Source file:   src\draw\swm341_dma2d\lv_gpu_swm341_dma2d.c
      Source file:   src\draw\lv_draw_transform.c
      Source file:   src\draw\sw\lv_draw_sw_img.c
      Source file:   src\draw\sw\lv_draw_sw_polygon.c
      Source file:   src\draw\sw\lv_draw_sw_line.c
      Source file:   src\draw\sdl\lv_draw_sdl_line.c
      Source file:   src\draw\lv_draw_mask.c
      Source file:   src\draw\sw\lv_draw_sw_letter.c
      Source file:   src\draw\sw\lv_draw_sw_arc.c
      Source file:   src\draw\sdl\lv_draw_sdl_arc.c
      Source file:   src\draw\sdl\lv_draw_sdl_layer.c
      Source file:   src\draw\sdl\lv_draw_sdl_mask.c
      Source file:   src\draw\sdl\lv_draw_sdl_rect.c
      Source file:   src\draw\sw\lv_draw_sw_transform.c
      Source file:   src\draw\sw\lv_draw_sw_blend.c
      Source file:   src\draw\sdl\lv_draw_sdl_img.c
      Source file:   src\font\lv_font_montserrat_28.c
      Source file:   src\draw\nxp\vglite\lv_draw_vglite_arc.c
      Source file:   src\draw\lv_draw_arc.c
      Source file:   src\draw\nxp\pxp\lv_gpu_nxp_pxp_osa.c
      Source file:   src\draw\nxp\pxp\lv_gpu_nxp_pxp.c
      Source file:   src\font\lv_font.c
      Source file:   src\font\lv_font_dejavu_16_persian_hebrew.c
      Source file:   src\font\lv_font_loader.c
      Source file:   src\font\lv_font_montserrat_20.c
      Source file:   src\font\lv_font_montserrat_28_compressed.c
      Source file:   src\draw\nxp\vglite\lv_draw_vglite_blend.c
      Source file:   src\font\lv_font_montserrat_26.c
      Source file:   src\font\lv_font_fmt_txt.c
      Source file:   src\font\lv_font_montserrat_12_subpx.c
      Source file:   src\draw\lv_draw.c
      Source file:   src\draw\arm2d\lv_gpu_arm2d.c
      Source file:   src\draw\nxp\vglite\lv_draw_vglite_rect.c
      Source file:   src\draw\lv_draw_line.c
      Source file:   src\draw\nxp\pxp\lv_draw_pxp_blend.c
      Source file:   src\draw\lv_draw_layer.c
      Source file:   src\font\lv_font_montserrat_8.c
      Source file:   src\draw\lv_img_cache.c
      Source file:   src\font\lv_font_montserrat_14.c
      Source file:   src\draw\nxp\lv_gpu_nxp.c
      Source file:   src\font\lv_font_montserrat_22.c
      Source file:   src\font\lv_font_montserrat_10.c
      Source file:   src\draw\lv_draw_triangle.c
      Source file:   src\font\lv_font_montserrat_16.c
      Source file:   src\font\lv_font_montserrat_18.c
      Source file:   src\font\lv_font_montserrat_12.c
      Source file:   src\font\lv_font_montserrat_24.c
      Source file:   src\draw\nxp\vglite\lv_gpu_nxp_vglite.c
      Source file:   src\font\lv_font_montserrat_42.c
      Source file:   src\font\lv_font_simsun_16_cjk.c
      Source file:   src\misc\lv_malloc_builtin.c
      Source file:   src\font\lv_font_montserrat_36.c
      Source file:   src\others\fragment\lv_fragment.c
      Source file:   src\misc\lv_memcpy_builtin.c
      Source file:   src\misc\lv_async.c
      Source file:   src\others\snapshot\lv_snapshot.c
      Source file:   src\font\lv_font_montserrat_30.c
      Source file:   src\misc\lv_txt_ap.c
      Source file:   src\misc\lv_gc.c
      Source file:   src\misc\lv_tlsf.c
      Source file:   src\font\lv_font_montserrat_38.c
      Source file:   src\others\monkey\lv_monkey.c
      Source file:   src\others\msg\lv_msg.c
      Source file:   src\others\ime\lv_ime_pinyin.c
      Source file:   src\others\imgfont\lv_imgfont.c
      Source file:   src\hal\lv_hal_tick.c
      Source file:   src\font\lv_font_montserrat_46.c
      Source file:   src\font\lv_font_montserrat_40.c
      Source file:   src\font\lv_font_montserrat_48.c
      Source file:   src\font\lv_font_unscii_16.c
      Source file:   src\hal\lv_hal_indev.c
      Source file:   src\font\lv_font_unscii_8.c
      Source file:   src\hal\lv_hal_disp.c
      Source file:   src\others\fragment\lv_fragment_manager.c
      Source file:   src\font\lv_font_montserrat_32.c
      Source file:   src\font\lv_font_montserrat_34.c
      Source file:   src\font\lv_font_montserrat_44.c
      Source file:   src\others\gridnav\lv_gridnav.c
      Source file:   src\misc\lv_style_gen.c
      Source file:   src\misc\lv_fs.c
      Source file:   src\widgets\tabview\lv_tabview.c
      Source file:   src\widgets\tileview\lv_tileview.c
      Source file:   src\misc\lv_area.c
      Source file:   src\misc\lv_anim_timeline.c
      Source file:   src\widgets\label\lv_label.c
      Source file:   src\misc\lv_printf.c
      Source file:   src\widgets\objx_templ\lv_objx_templ.c
      Source file:   src\misc\lv_math.c
      Source file:   src\misc\lv_mem.c
      Source file:   src\widgets\animimg\lv_animimg.c
      Source file:   src\widgets\spinner\lv_spinner.c
      Source file:   src\misc\lv_style.c
      Source file:   src\widgets\bar\lv_bar.c
      Source file:   src\widgets\msgbox\lv_msgbox.c
      Source file:   src\misc\lv_utils.c
      Source file:   src\widgets\imgbtn\lv_imgbtn.c
      Source file:   src\misc\lv_log.c
      Source file:   src\widgets\colorwheel\lv_colorwheel.c
      Source file:   src\misc\lv_color.c
      Source file:   src\widgets\canvas\lv_canvas.c
      Source file:   src\misc\lv_lru.c
      Source file:   src\widgets\chart\lv_chart.c
      Source file:   src\widgets\menu\lv_menu.c
      Source file:   src\widgets\dropdown\lv_dropdown.c
      Source file:   src\widgets\arc\lv_arc.c
      Source file:   src\misc\lv_anim.c
      Source file:   src\widgets\table\lv_table.c
      Source file:   src\misc\lv_ll.c
      Source file:   src\misc\lv_bidi.c
      Source file:   src\misc\lv_txt.c
      Source file:   src\misc\lv_timer.c
      Source file:   src\widgets\checkbox\lv_checkbox.c
      Source file:   src\libs\fsdrv\lv_fs_win32.c
      Source file:   src\libs\qrcode\qrcodegen.c
      Source file:   src\libs\sjpg\tjpgd.c
      Source file:   src\widgets\roller\lv_roller.c
      Source file:   src\widgets\slider\lv_slider.c
      Source file:   src\widgets\line\lv_line.c
      Source file:   src\libs\png\lv_png.c
      Source file:   src\widgets\img\lv_img.c
      Source file:   src\widgets\keyboard\lv_keyboard.c
      Source file:   src\widgets\calendar\lv_calendar_header_arrow.c
      Source file:   src\widgets\textarea\lv_textarea.c
      Source file:   src\widgets\calendar\lv_calendar_header_dropdown.c
      Source file:   src\widgets\meter\lv_meter.c
      Source file:   src\widgets\spinbox\lv_spinbox.c
      Source file:   src\widgets\list\lv_list.c
      Source file:   src\libs\gif\lv_gif.c
      Source file:   src\libs\png\lodepng.c
      Source file:   src\widgets\span\lv_span.c
      Source file:   src\widgets\switch\lv_switch.c
      Source file:   src\widgets\btn\lv_btn.c
      Source file:   src\libs\freetype\lv_freetype.c
      Source file:   src\libs\ffmpeg\lv_ffmpeg.c
      Source file:   src\libs\gif\gifdec.c
      Source file:   src\widgets\led\lv_led.c
      Source file:   src\widgets\btnmatrix\lv_btnmatrix.c
      Source file:   src\libs\rlottie\lv_rlottie.c
      Source file:   src\libs\qrcode\lv_qrcode.c
      Source file:   src\libs\fsdrv\lv_fs_posix.c
      Source file:   src\widgets\calendar\lv_calendar.c
      Source file:   src\libs\fsdrv\lv_fs_fatfs.c
      Source file:   src\widgets\win\lv_win.c
      Source file:   src\libs\fsdrv\lv_fs_stdio.c
      Source file:   src\themes\mono\lv_theme_mono.c
      Source file:   src\libs\bmp\lv_bmp.c
      Source file:   src\layouts\grid\lv_grid.c
      Source file:   src\themes\basic\lv_theme_basic.c
      Source file:   src\themes\default\lv_theme_default.c
      Include file:  lvgl.h
      Source file:   src\layouts\flex\lv_flex.c
      Source file:   lv_cmsis_pack.c
      Source file:   src\libs\sjpg\lv_sjpg.c

   * Component: LVGL.LVGL::LVGL:lvgl:Extra Themes:9.0.0-dev
      Source file:   src\widgets\calendar\lv_calendar.c
      Source file:   src\widgets\calendar\lv_calendar_header_dropdown.c
      Source file:   src\widgets\animimg\lv_animimg.c
      Source file:   src\widgets\keyboard\lv_keyboard.c
      Source file:   src\widgets\meter\lv_meter.c
      Source file:   src\themes\mono\lv_theme_mono.c
      Source file:   src\widgets\list\lv_list.c
      Source file:   src\widgets\imgbtn\lv_imgbtn.c
      Source file:   src\widgets\msgbox\lv_msgbox.c
      Source file:   src\widgets\spinbox\lv_spinbox.c
      Source file:   src\widgets\colorwheel\lv_colorwheel.c
      Source file:   src\widgets\spinner\lv_spinner.c
      Source file:   src\widgets\led\lv_led.c
      Source file:   src\widgets\tileview\lv_tileview.c
      Source file:   src\widgets\tabview\lv_tabview.c
      Source file:   src\themes\basic\lv_theme_basic.c
      Source file:   src\widgets\win\lv_win.c
      Source file:   src\themes\default\lv_theme_default.c
      Source file:   src\widgets\chart\lv_chart.c
      Source file:   src\widgets\calendar\lv_calendar_header_arrow.c
      Source file:   src\widgets\span\lv_span.c
      Source file:   src\layouts\flex\lv_flex.c
      Source file:   src\widgets\menu\lv_menu.c
      Source file:   src\layouts\grid\lv_grid.c

   * Component: LVGL.LVGL::LVGL:lvgl:Porting:9.0.0-dev
      Source file:   examples\porting\lv_port_disp_template.c
      Include file:  examples\porting\lv_port_indev_template.h
      Source file:   examples\porting\lv_port_fs_template.c
      Source file:   examples\porting\lv_port_indev_template.c
      Include file:  examples\porting\lv_port_fs_template.h
      Include file:  examples\porting\lv_port_disp_template.h
Build Time Elapsed:  00:00:42
</pre>
</body>
</html>
